__tests__/domain/planning/effectiveShiftAssignment.test.ts(6,9): error TS2739: Type '{ id: string; name: string; baseShift: "DAY"; baseSchedule: {}; }' is missing the following properties from type 'Representative': role, isActive, orderIndex
__tests__/domain/planning/effectiveShiftAssignment.test.ts(13,9): error TS2739: Type '{ id: string; name: string; baseShift: "DAY"; mixProfile: { type: "WEEKDAY"; }; baseSchedule: {}; }' is missing the following properties from type 'Representative': role, isActive, orderIndex
__tests__/domain/planning/shiftCapability.test.ts(10,25): error TS2739: Type '{ id: string; name: string; baseShift: "DAY" | "NIGHT"; baseSchedule: Record<number, "WORKING" | "OFF">; mixProfile: { type: "WEEKDAY" | "WEEKEND"; } | undefined; }' is missing the following properties from type 'Representative': role, isActive, orderIndex
__tests__/domain/swaps/buildDailyEffectiveContext.test.ts(16,9): error TS2741: Property 'orderIndex' is missing in type '{ id: string; name: string; baseSchedule: { 0: "OFF"; 1: "WORKING"; 2: "WORKING"; 3: "WORKING"; 4: "WORKING"; 5: "WORKING"; 6: "OFF"; }; baseShift: "DAY"; role: "SALES"; isActive: true; }' but required in type 'Representative'.
__tests__/domain/swaps/buildDailyEffectiveContext.test.ts(24,9): error TS2741: Property 'orderIndex' is missing in type '{ id: string; name: string; baseSchedule: { 0: "OFF"; 1: "WORKING"; 2: "WORKING"; 3: "WORKING"; 4: "WORKING"; 5: "WORKING"; 6: "OFF"; }; baseShift: "NIGHT"; role: "SALES"; isActive: true; }' but required in type 'Representative'.
__tests__/domain/swaps/buildDailyEffectiveContext.test.ts(32,9): error TS2741: Property 'orderIndex' is missing in type '{ id: string; name: string; baseSchedule: { 0: "OFF"; 1: "WORKING"; 2: "WORKING"; 3: "WORKING"; 4: "WORKING"; 5: "WORKING"; 6: "OFF"; }; baseShift: "NIGHT"; role: "SALES"; isActive: true; }' but required in type 'Representative'.
__tests__/domain/swaps/buildDailyEffectiveContext.test.ts(43,45): error TS2322: Type '"REGULAR"' is not assignable to type 'DayKind'.
__tests__/domain/swaps/buildDailyEffectiveContext.test.ts(116,13): error TS2322: Type '{ id: string; type: "COVER"; date: string; shift: "NIGHT"; fromRepresentativeId: string; toRepresentativeId: string; }' is not assignable to type 'SwapEvent'.
  Property 'createdAt' is missing in type '{ id: string; type: "COVER"; date: string; shift: "NIGHT"; fromRepresentativeId: string; toRepresentativeId: string; }' but required in type '{ id: string; type: "COVER"; date: string; shift: ShiftType; fromRepresentativeId: string; toRepresentativeId: string; note?: string | undefined; createdAt: string; }'.
__tests__/domain/swaps/buildDailyEffectiveContext.test.ts(182,15): error TS2322: Type '{ id: string; type: "COVER"; date: string; shift: "NIGHT"; fromRepresentativeId: string; toRepresentativeId: string; }' is not assignable to type 'SwapEvent'.
  Property 'createdAt' is missing in type '{ id: string; type: "COVER"; date: string; shift: "NIGHT"; fromRepresentativeId: string; toRepresentativeId: string; }' but required in type '{ id: string; type: "COVER"; date: string; shift: ShiftType; fromRepresentativeId: string; toRepresentativeId: string; note?: string | undefined; createdAt: string; }'.
__tests__/domain/swaps/buildDailyEffectiveContext.test.ts(205,15): error TS2322: Type '{ id: string; type: "COVER"; date: string; shift: "NIGHT"; fromRepresentativeId: string; toRepresentativeId: string; }' is not assignable to type 'SwapEvent'.
  Property 'createdAt' is missing in type '{ id: string; type: "COVER"; date: string; shift: "NIGHT"; fromRepresentativeId: string; toRepresentativeId: string; }' but required in type '{ id: string; type: "COVER"; date: string; shift: ShiftType; fromRepresentativeId: string; toRepresentativeId: string; note?: string | undefined; createdAt: string; }'.
__tests__/persistence/storage.test.ts(147,13): error TS2322: Type '{ representatives: never[]; calendar: { specialDays: never[]; }; coverageRules: never[]; version: number; swaps: never[]; auditLog: never[]; historyEvents: never[]; }' is not assignable to type 'Omit<PlanningBaseState, "incidents"> & { version: number; }'.
  Type '{ representatives: never[]; calendar: { specialDays: never[]; }; coverageRules: never[]; version: number; swaps: never[]; auditLog: never[]; historyEvents: never[]; }' is missing the following properties from type 'Omit<PlanningBaseState, "incidents">': managementSchedules, specialSchedules, managers
__tests__/persistence/storage.test.ts(175,11): error TS2739: Type '{ id: string; name: string; baseSchedule: { 0: "OFF"; 1: "WORKING"; 2: "WORKING"; 3: "WORKING"; 4: "WORKING"; 5: "WORKING"; 6: "WORKING"; }; baseShift: "NIGHT"; }' is missing the following properties from type 'Representative': role, isActive, orderIndex
__tests__/persistence/storage.test.ts(243,11): error TS2739: Type '{ id: string; name: string; baseSchedule: { 0: "OFF"; 1: "WORKING"; 2: "WORKING"; 3: "WORKING"; 4: "WORKING"; 5: "WORKING"; 6: "WORKING"; }; baseShift: "DAY"; }' is missing the following properties from type 'Representative': role, isActive, orderIndex
__tests__/persistence/storage.test.ts(270,42): error TS2345: Argument of type '{ id: string; name: string; baseSchedule: { 0: "OFF"; 1: "WORKING"; 2: "WORKING"; 3: "WORKING"; 4: "WORKING"; 5: "WORKING"; 6: "WORKING"; }; baseShift: "DAY"; }' is not assignable to parameter of type 'Representative'.
  Type '{ id: string; name: string; baseSchedule: { 0: "OFF"; 1: "WORKING"; 2: "WORKING"; 3: "WORKING"; 4: "WORKING"; 5: "WORKING"; 6: "WORKING"; }; baseShift: "DAY"; }' is missing the following properties from type 'Representative': role, isActive, orderIndex
__tests__/persistence/storage.test.ts(298,11): error TS2739: Type '{ id: string; name: string; baseSchedule: { 0: "OFF"; 1: "WORKING"; 2: "WORKING"; 3: "WORKING"; 4: "WORKING"; 5: "WORKING"; 6: "WORKING"; }; baseShift: "DAY"; }' is missing the following properties from type 'Representative': role, isActive, orderIndex
src/application/ui-adapters/__tests__/getEffectiveAssignmentsForPlanner.test.ts(10,21): error TS2739: Type '{ assignment: { type: "SINGLE"; shift: "DAY"; }; }' is missing the following properties from type 'DailyPresence': status, source
src/application/ui-adapters/__tests__/getEffectiveAssignmentsForPlanner.test.ts(14,21): error TS2739: Type '{ assignment: { type: "NONE"; }; }' is missing the following properties from type 'DailyPresence': status, source
src/application/ui-adapters/__tests__/getEffectiveAssignmentsForPlanner.test.ts(20,78): error TS2322: Type 'null' is not assignable to type 'string | undefined'.
src/application/ui-adapters/__tests__/getEffectiveAssignmentsForPlanner.test.ts(24,5): error TS2739: Type '{ id: string; name: string; baseSchedule: {}; baseShift: "DAY"; }' is missing the following properties from type 'Representative': role, isActive, orderIndex
src/application/ui-adapters/__tests__/getEffectiveAssignmentsForPlanner.test.ts(25,5): error TS2739: Type '{ id: string; name: string; baseSchedule: {}; baseShift: "NIGHT"; }' is missing the following properties from type 'Representative': role, isActive, orderIndex
src/domain/call-center-analysis/audit.service.ts(1,34): error TS2307: Cannot find module '@/domain/operational/dashboard.types' or its corresponding type declarations.
src/domain/call-center-analysis/builder/ActualOperationalLoadBuilder.test.ts(17,75): error TS2741: Property 'periodo' is missing in type '{ id: string; sucursal: string; canalReal: string; plataforma: string; plataformaCode: string; fecha: string; hora: string; estatus: string; valor: number; }' but required in type 'Transaction'.
src/domain/call-center-analysis/chart.service.ts(1,34): error TS2307: Cannot find module '@/domain/operational/dashboard.types' or its corresponding type declarations.
src/domain/call-center-analysis/export.service.ts(9,8): error TS2307: Cannot find module '@/domain/operational/dashboard.types' or its corresponding type declarations.
src/domain/management/fairness.test.ts(56,23): error TS2339: Property 'encryption' does not exist on type 'StructuralWeekAnalysis'.
src/domain/planning/__tests__/applySwapsToCoverage.test.ts(2,21): error TS2305: Module '"@/domain/types"' has no exported member 'DailyShiftCoverage'.
src/domain/planning/buildWeeklySchedule.test.ts(6,5): error TS2739: Type '{ id: string; name: string; baseShift: "DAY"; baseSchedule: { 1: "WORKING"; }; }' is missing the following properties from type 'Representative': role, isActive, orderIndex
src/domain/planning/buildWeeklySchedule.test.ts(12,5): error TS2739: Type '{ id: string; name: string; baseShift: "DAY"; baseSchedule: { 1: "WORKING"; }; }' is missing the following properties from type 'Representative': role, isActive, orderIndex
src/domain/planning/buildWeeklySchedule.test.ts(18,5): error TS2739: Type '{ id: string; name: string; baseShift: "DAY"; baseSchedule: { 1: "WORKING"; }; }' is missing the following properties from type 'Representative': role, isActive, orderIndex
src/domain/planning/buildWeeklySchedule.test.ts(63,67): error TS2345: Argument of type '(DayInfo | { date: string; dayOfWeek: number; kind: string; isSpecial: boolean; })[]' is not assignable to parameter of type 'DayInfo[]'.
  Type 'DayInfo | { date: string; dayOfWeek: number; kind: string; isSpecial: boolean; }' is not assignable to type 'DayInfo'.
    Type '{ date: string; dayOfWeek: number; kind: string; isSpecial: boolean; }' is not assignable to type 'DayInfo'.
      Types of property 'kind' are incompatible.
        Type 'string' is not assignable to type 'DayKind'.
src/domain/planning/buildWeeklySchedule.test.ts(84,67): error TS2345: Argument of type '(DayInfo | { date: string; dayOfWeek: number; kind: string; isSpecial: boolean; })[]' is not assignable to parameter of type 'DayInfo[]'.
  Type 'DayInfo | { date: string; dayOfWeek: number; kind: string; isSpecial: boolean; }' is not assignable to type 'DayInfo'.
    Type '{ date: string; dayOfWeek: number; kind: string; isSpecial: boolean; }' is not assignable to type 'DayInfo'.
      Types of property 'kind' are incompatible.
        Type 'string' is not assignable to type 'DayKind'.
src/domain/planning/buildWeeklySchedule.test.ts(107,67): error TS2345: Argument of type '(DayInfo | { date: string; dayOfWeek: number; kind: string; isSpecial: boolean; })[]' is not assignable to parameter of type 'DayInfo[]'.
  Type 'DayInfo | { date: string; dayOfWeek: number; kind: string; isSpecial: boolean; }' is not assignable to type 'DayInfo'.
    Type '{ date: string; dayOfWeek: number; kind: string; isSpecial: boolean; }' is not assignable to type 'DayInfo'.
      Types of property 'kind' are incompatible.
        Type 'string' is not assignable to type 'DayKind'.
src/domain/planning/buildWeeklySchedule.test.ts(131,67): error TS2345: Argument of type '(DayInfo | { date: string; dayOfWeek: number; kind: string; isSpecial: boolean; })[]' is not assignable to parameter of type 'DayInfo[]'.
  Type 'DayInfo | { date: string; dayOfWeek: number; kind: string; isSpecial: boolean; }' is not assignable to type 'DayInfo'.
    Type '{ date: string; dayOfWeek: number; kind: string; isSpecial: boolean; }' is not assignable to type 'DayInfo'.
      Types of property 'kind' are incompatible.
        Type 'string' is not assignable to type 'DayKind'.
src/lib/demo-data.ts(5,8): error TS2307: Cannot find module '@/domain/operational/dashboard.types' or its corresponding type declarations.
src/store/useAppStore.ts(529,21): error TS2345: Argument of type '{ type: "INCIDENT_CREATED"; actor: "SYSTEM"; payload: { entity: { type: string; id: string; }; incidentType: IncidentType; date: string; representativeId: string; note: string | undefined; source: "BASE" | ... 3 more ... | undefined; slotOwnerId: string | undefined; }; }' is not assignable to parameter of type 'Omit<AuditEvent, "id" | "timestamp">'.
  Type '{ type: "INCIDENT_CREATED"; actor: "SYSTEM"; payload: { entity: { type: string; id: string; }; incidentType: IncidentType; date: string; representativeId: string; note: string | undefined; source: "BASE" | ... 3 more ... | undefined; slotOwnerId: string | undefined; }; }' is missing the following properties from type 'Omit<AuditEvent, "id" | "timestamp">': action, target
src/store/useAppStore.ts(635,23): error TS2345: Argument of type '{ type: "INCIDENT_REMOVED"; actor: "SYSTEM"; payload: { entity: { type: string; id: string; }; incidentType: IncidentType; date: string; representativeId: string; reason: string; }; }' is not assignable to parameter of type 'Omit<AuditEvent, "id" | "timestamp">'.
  Type '{ type: "INCIDENT_REMOVED"; actor: "SYSTEM"; payload: { entity: { type: string; id: string; }; incidentType: IncidentType; date: string; representativeId: string; reason: string; }; }' is missing the following properties from type 'Omit<AuditEvent, "id" | "timestamp">': action, target
src/store/useAppStore.ts(675,48): error TS2345: Argument of type '{ type: "INCIDENT_REMOVED"; actor: "SYSTEM"; payload: { entity: { type: string; id: string; }; incidentType: "SWAP" | "VACACIONES" | "LICENCIA" | "TARDANZA" | "AUSENCIA" | "ERROR" | "OTRO"; reason: string; }; }' is not assignable to parameter of type 'Omit<AuditEvent, "id" | "timestamp">'.
  Type '{ type: "INCIDENT_REMOVED"; actor: "SYSTEM"; payload: { entity: { type: string; id: string; }; incidentType: "SWAP" | "VACACIONES" | "LICENCIA" | "TARDANZA" | "AUSENCIA" | "ERROR" | "OTRO"; reason: string; }; }' is missing the following properties from type 'Omit<AuditEvent, "id" | "timestamp">': action, target
src/store/useAppStore.ts(1065,44): error TS2345: Argument of type '{ type: AuditEventType | undefined; actor: { id: string; name: string; } | "SYSTEM" | "USER"; repId: string | undefined; payload: unknown; }' is not assignable to parameter of type 'Omit<AuditEvent, "id" | "timestamp">'.
  Type '{ type: AuditEventType | undefined; actor: { id: string; name: string; } | "SYSTEM" | "USER"; repId: string | undefined; payload: unknown; }' is missing the following properties from type 'Omit<AuditEvent, "id" | "timestamp">': action, target
src/store/useAuditStore.ts(16,21): error TS2345: Argument of type '(state: AuditState) => { events: (AuditEvent | { id: string; type: AuditEventType | undefined; timestamp: string; actor: { id: string; name: string; } | "SYSTEM" | "USER"; repId: string | undefined; payload: unknown; })[]; }' is not assignable to parameter of type 'AuditState | Partial<AuditState> | ((state: AuditState) => AuditState | Partial<AuditState>)'.
  Type '(state: AuditState) => { events: (AuditEvent | { id: string; type: AuditEventType | undefined; timestamp: string; actor: { id: string; name: string; } | "SYSTEM" | "USER"; repId: string | undefined; payload: unknown; })[]; }' is not assignable to type '(state: AuditState) => AuditState | Partial<AuditState>'.
    Type '{ events: (AuditEvent | { id: string; type: AuditEventType | undefined; timestamp: string; actor: { id: string; name: string; } | "SYSTEM" | "USER"; repId: string | undefined; payload: unknown; })[]; }' is not assignable to type 'AuditState | Partial<AuditState>'.
      Type '{ events: (AuditEvent | { id: string; type: AuditEventType | undefined; timestamp: string; actor: { id: string; name: string; } | "SYSTEM" | "USER"; repId: string | undefined; payload: unknown; })[]; }' is not assignable to type 'Partial<AuditState>'.
        Types of property 'events' are incompatible.
          Type '(AuditEvent | { id: string; type: AuditEventType | undefined; timestamp: string; actor: { id: string; name: string; } | "SYSTEM" | "USER"; repId: string | undefined; payload: unknown; })[]' is not assignable to type 'AuditEvent[]'.
            Type 'AuditEvent | { id: string; type: AuditEventType | undefined; timestamp: string; actor: { id: string; name: string; } | "SYSTEM" | "USER"; repId: string | undefined; payload: unknown; }' is not assignable to type 'AuditEvent'.
              Type '{ id: string; type: AuditEventType | undefined; timestamp: string; actor: { id: string; name: string; } | "SYSTEM" | "USER"; repId: string | undefined; payload: unknown; }' is missing the following properties from type 'AuditEvent': action, target
src/store/useCoverageStore.ts(81,54): error TS2345: Argument of type '{ type: "COVERAGE_CREATED"; actor: "SYSTEM"; payload: { entity: { type: string; id: string; }; date: string; shift: ShiftType; coveredRepId: string; coveringRepId: string; note: string | undefined; }; }' is not assignable to parameter of type 'Omit<AuditEvent, "id" | "timestamp">'.
  Type '{ type: "COVERAGE_CREATED"; actor: "SYSTEM"; payload: { entity: { type: string; id: string; }; date: string; shift: ShiftType; coveredRepId: string; coveringRepId: string; note: string | undefined; }; }' is missing the following properties from type 'Omit<AuditEvent, "id" | "timestamp">': action, target
src/store/useCoverageStore.ts(107,54): error TS2345: Argument of type '{ type: "COVERAGE_CANCELLED"; actor: "SYSTEM"; payload: { entity: { type: string; id: string; }; reason: string; }; }' is not assignable to parameter of type 'Omit<AuditEvent, "id" | "timestamp">'.
  Type '{ type: "COVERAGE_CANCELLED"; actor: "SYSTEM"; payload: { entity: { type: string; id: string; }; reason: string; }; }' is missing the following properties from type 'Omit<AuditEvent, "id" | "timestamp">': action, target
src/store/useOperationalDashboardStore.ts(78,5): error TS2741: Property 'abandonoPct' is missing in type '{ recibidas: number; contestadas: number; abandonadas: number; nivelDeServicio: number; conversion: number; transaccionesCC: number; }' but required in type 'KPIs'.
src/ui/audit/AuditDashboard.tsx(158,54): error TS2345: Argument of type '{ type: "SNAPSHOT_CREATED"; actor: "USER"; payload: { week: string; signature: string; isSealed: boolean; }; }' is not assignable to parameter of type 'Omit<AuditEvent, "id" | "timestamp">'.
  Type '{ type: "SNAPSHOT_CREATED"; actor: "USER"; payload: { week: string; signature: string; isSealed: boolean; }; }' is missing the following properties from type 'Omit<AuditEvent, "id" | "timestamp">': action, target
src/ui/audit/AuditDashboard.tsx(201,32): error TS2322: Type '{ id: string; timestamp: string; type: AuditEventType | undefined; actor: { id: string; name: string; } | "SYSTEM" | "USER"; summary: AuditEventType | undefined; payload: unknown; }[]' is not assignable to type 'AuditTimelineItem[]'.
  Type '{ id: string; timestamp: string; type: AuditEventType | undefined; actor: { id: string; name: string; } | "SYSTEM" | "USER"; summary: AuditEventType | undefined; payload: unknown; }' is not assignable to type 'AuditTimelineItem'.
    Types of property 'summary' are incompatible.
      Type 'string | undefined' is not assignable to type 'string'.
        Type 'undefined' is not assignable to type 'string'.
src/ui/reports/analysis-beta/correlation/CorrelationView.tsx(20,40): error TS2307: Cannot find module '../../TransactionLeaderboard' or its corresponding type declarations.
src/ui/reports/analysis-beta/dashboard-header.tsx(7,45): error TS2307: Cannot find module '@/domain/operational/parser.service' or its corresponding type declarations.
src/ui/reports/analysis-beta/dashboard-header.tsx(8,63): error TS2307: Cannot find module '@/types' or its corresponding type declarations.
src/ui/reports/analysis-beta/dashboard-header.tsx(11,11): error TS2339: Property 'setAnsweredCalls' does not exist on type 'OperationalStore'.
src/ui/reports/analysis-beta/dashboard-header.tsx(11,29): error TS2339: Property 'setAbandonedCalls' does not exist on type 'OperationalStore'.
src/ui/reports/analysis-beta/dashboard-header.tsx(11,48): error TS2339: Property 'setTransactions' does not exist on type 'OperationalStore'.
src/ui/reports/analysis-beta/dashboard-header.tsx(29,39): error TS7006: Parameter 'row' implicitly has an 'any' type.
src/ui/reports/analysis-beta/dashboard-header.tsx(33,40): error TS7006: Parameter 'row' implicitly has an 'any' type.
src/ui/reports/analysis-beta/dashboard-header.tsx(37,38): error TS7006: Parameter 'row' implicitly has an 'any' type.
src/ui/reports/analysis-beta/ui/accordion.tsx(4,37): error TS2307: Cannot find module '@radix-ui/react-accordion' or its corresponding type declarations.
src/ui/reports/analysis-beta/ui/alert-dialog.tsx(4,39): error TS2307: Cannot find module '@radix-ui/react-alert-dialog' or its corresponding type declarations.
src/ui/reports/analysis-beta/ui/avatar.tsx(4,34): error TS2307: Cannot find module '@radix-ui/react-avatar' or its corresponding type declarations.
src/ui/reports/analysis-beta/ui/calendar.tsx(5,27): error TS2307: Cannot find module 'react-day-picker' or its corresponding type declarations.
src/ui/reports/analysis-beta/ui/calendar.tsx(57,22): error TS7031: Binding element 'className' implicitly has an 'any' type.
src/ui/reports/analysis-beta/ui/calendar.tsx(60,23): error TS7031: Binding element 'className' implicitly has an 'any' type.
src/ui/reports/analysis-beta/ui/checkbox.tsx(4,36): error TS2307: Cannot find module '@radix-ui/react-checkbox' or its corresponding type declarations.
src/ui/reports/analysis-beta/ui/collapsible.tsx(3,39): error TS2307: Cannot find module '@radix-ui/react-collapsible' or its corresponding type declarations.
src/ui/reports/analysis-beta/ui/dropdown-menu.tsx(4,40): error TS2307: Cannot find module '@radix-ui/react-dropdown-menu' or its corresponding type declarations.
src/ui/reports/analysis-beta/ui/progress.tsx(4,36): error TS2307: Cannot find module '@radix-ui/react-progress' or its corresponding type declarations.
src/ui/reports/analysis-beta/ui/radio-group.tsx(4,38): error TS2307: Cannot find module '@radix-ui/react-radio-group' or its corresponding type declarations.
src/ui/reports/analysis-beta/ui/scroll-area.tsx(4,38): error TS2307: Cannot find module '@radix-ui/react-scroll-area' or its corresponding type declarations.
